Program berjalan
Program berjalan - 2026-06-05 22:22:32.997077
Program berjalan - 2026-06-05 22:37:43.498927
Program berjalan - 05-06-2026 22:37:46
Program berjalan - 2026-06-05 22:45:00.820834
Program berjalan - 05-06-2026 22:45:03
Program berjalan - 2026-06-06 00:06:03.015793
Program berjalan - 06-06-2026 00:06:06
Program berjalan - 2026-06-06 00:07:14.877446
Program berjalan - 06-06-2026 00:07:17
Program berjalan - 2026-06-06 00:09:35.843860
Program berjalan - 06-06-2026 00:09:38
Program berjalan - 2026-06-06 05:03:11.936686
Program berjalan - 06-06-2026 05:03:16
Program berjalan - 06-06-2026 05:14:05
Program berjalan - 06-06-2026 05:19:30
Program berjalan - 06-06-2026 05:23:56
Program berjalan - 09-06-2026 06:20:33
Program berjalan - 09-06-2026 06:50:27
Program berjalan - 09-06-2026 07:20:28
Program berjalan - 09-06-2026 07:50:27
Program berjalan - 09-06-2026 08:20:27
Program berjalan - 09-06-2026 08:50:27
Program berjalan - 09-06-2026 09:20:27
Program berjalan - 09-06-2026 09:42:13
Program berjalan - 09-06-2026 09:48:11
Program berjalan - 09-06-2026 09:50:27
Program berjalan - 09-06-2026 10:20:27
Program berjalan - 09-06-2026 15:29:36
Program berjalan - 09-06-2026 15:50:27
Program berjalan - 09-06-2026 16:20:27
Program berjalan - 11-06-2026 20:40:48
Program berjalan - 11-06-2026 20:46:34
Program berjalan - 11-06-2026 20:50:28
Program berjalan - 11-06-2026 21:16:28
Program berjalan - 11-06-2026 21:20:28
Program berjalan - 11-06-2026 21:46:28
Program berjalan - 11-06-2026 21:50:28
Program berjalan - 11-06-2026 22:30:22
Program berjalan - 11-06-2026 22:46:29
Program berjalan - 11-06-2026 22:50:28
Program berjalan - 11-06-2026 23:16:28
Program berjalan - 11-06-2026 23:20:28
Program berjalan - 11-06-2026 23:46:29
Program berjalan - 11-06-2026 23:50:28
Program berjalan - 12-06-2026 00:06:02
Program berjalan - 12-06-2026 00:16:28
Program berjalan - 12-06-2026 00:20:28
Program berjalan - 29-06-2026 19:36:07
Program berjalan - 29-06-2026 19:39:01
Program berjalan - 29-06-2026 19:46:29
Program berjalan - 29-06-2026 19:50:28
Program berjalan - 30-06-2026 00:06:04
Program berjalan - 30-06-2026 12:32:04
Program berjalan - 30-06-2026 12:36:03
Program berjalan - 14-07-2026 01:18:31
Program berjalan - 14-07-2026 01:24:14
Program berjalan - 14-07-2026 01:36:05
Program berjalan - 14-07-2026 01:54:12
Program berjalan - 14-07-2026 01:54:49
Program berjalan - 14-07-2026 02:06:03
Program berjalan - 14-07-2026 02:10:34
Program berjalan - 14-07-2026 02:17:35
Program berjalan - 14-07-2026 02:18:02
Program berjalan - 14-07-2026 07:19:59
Program berjalan - 14-07-2026 09:03:40
Program berjalan - 14-07-2026 09:12:11
Program berjalan - 20-07-2026 20:33:59
Program berjalan - 20-07-2026 21:03:56
Program berjalan - 20-07-2026 21:33:56
Program berjalan - 20-07-2026 22:03:55
Program berjalan - 20-07-2026 22:33:56
Program berjalan - 20-07-2026 23:03:56
Program berjalan - 20-07-2026 23:33:56
Program berjalan - 21-07-2026 00:03:55
Program berjalan - 21-07-2026 00:06:02
Program berjalan - 21-07-2026 00:33:56
Program berjalan - 21-07-2026 00:36:03
Program berjalan - 21-07-2026 01:27:00
Program berjalan - 22-07-2026 13:52:32
Program berjalan - 22-07-2026 13:57:52
Program berjalan - 22-07-2026 14:03:55
Program berjalan - 22-07-2026 14:06:03
Program berjalan - 22-07-2026 14:27:51
Program berjalan - 22-07-2026 14:33:56
Program berjalan - 22-07-2026 14:36:03
Program berjalan - 22-07-2026 14:57:51
Program berjalan - 22-07-2026 15:03:55
Program berjalan - 22-07-2026 15:06:03
Program berjalan - 22-07-2026 15:27:51
Program berjalan - 22-07-2026 15:33:56
Program berjalan - 22-07-2026 15:36:03
Program berjalan - 22-07-2026 15:57:51
Program berjalan - 25-07-2026 07:59:10
Program berjalan - 25-07-2026 08:03:57
Program berjalan - 25-07-2026 08:05:04
Program berjalan - 25-07-2026 08:06:03
Program berjalan - 25-07-2026 08:27:51
Program berjalan - 25-07-2026 08:33:56
Program berjalan - 25-07-2026 08:35:01
Program berjalan - 25-07-2026 08:36:03
Program berjalan - 25-07-2026 08:57:52
Program berjalan - 25-07-2026 09:03:55
Program berjalan - 25-07-2026 09:05:00
Program berjalan - 25-07-2026 09:06:03
Program berjalan - 25-07-2026 09:27:52
Program berjalan - 25-07-2026 09:33:56
Program berjalan - 25-07-2026 09:35:01
Program berjalan - 25-07-2026 09:36:03
Program berjalan - 25-07-2026 09:57:52
Program berjalan - 25-07-2026 10:03:55
Program berjalan - 25-07-2026 10:05:00
Program berjalan - 25-07-2026 10:06:03
Program berjalan - 25-07-2026 10:27:51
Program berjalan - 25-07-2026 10:33:56
Program berjalan - 25-07-2026 10:35:01
Program berjalan - 25-07-2026 10:36:03
Program berjalan - 25-07-2026 10:57:51
Program berjalan - 25-07-2026 11:03:55
Program berjalan - 25-07-2026 11:05:00
Program berjalan - 25-07-2026 11:06:03
Program berjalan - 25-07-2026 11:27:51
Program berjalan - 25-07-2026 11:33:56
Program berjalan - 25-07-2026 11:35:00
Program berjalan - 25-07-2026 11:36:03
Program berjalan - 25-07-2026 11:57:51
Program berjalan - 25-07-2026 12:03:55
Program berjalan - 25-07-2026 12:05:00
Program berjalan - 25-07-2026 12:06:03
Program berjalan - 25-07-2026 12:27:53
Program berjalan - 25-07-2026 12:33:57
Program berjalan - 25-07-2026 12:35:01
Program berjalan - 25-07-2026 12:36:03
Program berjalan - 25-07-2026 12:57:53
Program berjalan - 25-07-2026 13:03:55
Program berjalan - 25-07-2026 13:05:01
Program berjalan - 25-07-2026 13:06:03
Program berjalan - 25-07-2026 13:27:52
Program berjalan - 25-07-2026 13:33:58
Program berjalan - 25-07-2026 13:35:00
Program berjalan - 25-07-2026 13:36:03
Program berjalan - 25-07-2026 13:57:52
Program berjalan - 25-07-2026 14:03:55
Program berjalan - 25-07-2026 14:05:00
Program berjalan - 25-07-2026 14:06:04
Program berjalan - 25-07-2026 14:27:52
Program berjalan - 25-07-2026 14:33:57
Program berjalan - 25-07-2026 14:35:01
Program berjalan - 25-07-2026 14:36:04
Program berjalan - 25-07-2026 14:57:52
Program berjalan - 25-07-2026 15:03:55
Program berjalan - 25-07-2026 15:05:00
Program berjalan - 25-07-2026 15:06:03
Program berjalan - 25-07-2026 15:27:52
Program berjalan - 25-07-2026 15:33:56
Program berjalan - 25-07-2026 15:35:00
Program berjalan - 25-07-2026 15:36:03
Program berjalan - 25-07-2026 15:57:57
Program berjalan - 25-07-2026 16:03:55
Program berjalan - 25-07-2026 16:05:01
Program berjalan - 25-07-2026 16:06:04
Program berjalan - 25-07-2026 16:27:51
Program berjalan - 25-07-2026 16:33:58
Program berjalan - 25-07-2026 16:35:02
Program berjalan - 25-07-2026 16:36:04
Program berjalan - 25-07-2026 16:57:53
Program berjalan - 25-07-2026 17:03:56
Program berjalan - 25-07-2026 17:05:01
Program berjalan - 25-07-2026 17:06:03
Program berjalan - 25-07-2026 17:27:52
Program berjalan - 25-07-2026 17:33:57
Program berjalan - 25-07-2026 17:35:00
Program berjalan - 25-07-2026 17:36:03
Program berjalan - 25-07-2026 17:57:52
Program berjalan - 25-07-2026 18:03:55
Program berjalan - 25-07-2026 18:05:01
Program berjalan - 25-07-2026 18:06:03
Program berjalan - 25-07-2026 18:27:53
Program berjalan - 25-07-2026 18:33:56
Program berjalan - 25-07-2026 18:35:00
Program berjalan - 25-07-2026 18:36:03
Program berjalan - 25-07-2026 19:01:35
Program berjalan - 25-07-2026 19:03:55
Program berjalan - 25-07-2026 19:05:00
Program berjalan - 25-07-2026 19:06:03
Program berjalan - 25-07-2026 19:38:05
Program berjalan - 25-07-2026 19:57:52
Program berjalan - 25-07-2026 20:03:56
Program berjalan - 25-07-2026 20:05:01
Program berjalan - 25-07-2026 20:06:03
Program berjalan - 25-07-2026 20:27:51
Program berjalan - 25-07-2026 20:33:57
Program berjalan - 25-07-2026 20:35:00
Program berjalan - 25-07-2026 20:36:03
Program berjalan - 25-07-2026 20:57:52
Program berjalan - 25-07-2026 21:03:55
Program berjalan - 25-07-2026 21:05:00
Program berjalan - 25-07-2026 21:06:03
Program berjalan - 25-07-2026 21:27:52
Program berjalan - 25-07-2026 21:33:58
Program berjalan - 25-07-2026 21:35:01
Program berjalan - 25-07-2026 21:36:03
Program berjalan - 25-07-2026 21:57:51
Program berjalan - 25-07-2026 22:03:55
Program berjalan - 25-07-2026 22:05:01
Program berjalan - 25-07-2026 22:06:03
Program berjalan - 25-07-2026 22:27:51
Program berjalan - 25-07-2026 22:33:56
Program berjalan - 25-07-2026 22:35:00
Program berjalan - 25-07-2026 22:36:03
Program berjalan - 25-07-2026 22:57:51
Program berjalan - 25-07-2026 23:03:55
Program berjalan - 25-07-2026 23:05:00
Program berjalan - 25-07-2026 23:06:03
Program berjalan - 25-07-2026 23:27:52
Program berjalan - 25-07-2026 23:33:56
Program berjalan - 25-07-2026 23:35:00
Program berjalan - 25-07-2026 23:36:03
Program berjalan - 25-07-2026 23:57:55
Program berjalan - 26-07-2026 00:03:56
Program berjalan - 26-07-2026 00:05:01
Program berjalan - 26-07-2026 00:06:03
Program berjalan - 26-07-2026 00:27:52
Program berjalan - 26-07-2026 00:33:55
Program berjalan - 26-07-2026 00:35:00
Program berjalan - 26-07-2026 00:36:03
Program berjalan - 26-07-2026 00:57:51
Program berjalan - 26-07-2026 01:03:55
Program berjalan - 26-07-2026 01:05:01
Program berjalan - 26-07-2026 01:06:03
Program berjalan - 26-07-2026 01:27:51
Program berjalan - 26-07-2026 01:33:57
Program berjalan - 26-07-2026 01:35:01
Program berjalan - 26-07-2026 01:36:03
Program berjalan - 26-07-2026 01:57:52
Program berjalan - 26-07-2026 02:03:56
Program berjalan - 26-07-2026 02:05:01
Program berjalan - 26-07-2026 02:06:03
Program berjalan - 26-07-2026 02:27:52
Program berjalan - 26-07-2026 02:33:56
Program berjalan - 26-07-2026 02:35:01
Program berjalan - 26-07-2026 02:36:03
Program berjalan - 27-07-2026 09:56:51
Program berjalan - 27-07-2026 09:57:51
Program berjalan - 27-07-2026 10:02:41
Program berjalan - 27-07-2026 10:03:55
Program berjalan - 27-07-2026 10:05:00
Program berjalan - 27-07-2026 10:06:03
Program berjalan - 27-07-2026 10:27:51
Program berjalan - 27-07-2026 10:32:40
Program berjalan - 27-07-2026 10:33:56
Program berjalan - 27-07-2026 10:35:00
Program berjalan - 27-07-2026 10:36:03
Program berjalan - 27-07-2026 10:57:51
Program berjalan - 27-07-2026 11:02:40
Program berjalan - 27-07-2026 11:03:55
Program berjalan - 27-07-2026 11:05:00
Program berjalan - 27-07-2026 11:06:04
Program berjalan - 27-07-2026 11:27:51
Program berjalan - 27-07-2026 11:32:40
Program berjalan - 27-07-2026 11:33:56
Program berjalan - 27-07-2026 11:35:00
Program berjalan - 27-07-2026 11:36:03
Program berjalan - 27-07-2026 11:57:51
Program berjalan - 27-07-2026 12:02:39
Program berjalan - 27-07-2026 12:03:55
Program berjalan - 27-07-2026 12:05:00
Program berjalan - 27-07-2026 12:06:03
Program berjalan - 27-07-2026 12:27:51
Program berjalan - 27-07-2026 12:32:40
Program berjalan - 27-07-2026 12:33:56
Program berjalan - 27-07-2026 12:35:01
Program berjalan - 27-07-2026 12:36:03
Program berjalan - 27-07-2026 12:57:51
Program berjalan - 27-07-2026 13:02:39
Program berjalan - 27-07-2026 13:03:55
Program berjalan - 27-07-2026 13:05:00
Program berjalan - 27-07-2026 13:06:03
Program berjalan - 27-07-2026 13:27:51
Program berjalan - 27-07-2026 13:32:39
Program berjalan - 27-07-2026 13:33:56
Program berjalan - 27-07-2026 13:35:00
Program berjalan - 27-07-2026 13:36:03
Program berjalan - 27-07-2026 13:57:51
Program berjalan - 27-07-2026 14:02:40
Program berjalan - 27-07-2026 14:03:55
Program berjalan - 27-07-2026 14:05:00
Program berjalan - 27-07-2026 14:06:03
Program berjalan - 27-07-2026 20:39:18
Program berjalan - 27-07-2026 20:57:51
Program berjalan - 27-07-2026 21:02:39
Program berjalan - 27-07-2026 21:03:55
Program berjalan - 27-07-2026 21:05:00
Program berjalan - 27-07-2026 21:06:03
Program berjalan - 27-07-2026 21:27:51
Program berjalan - 27-07-2026 21:32:40
Program berjalan - 27-07-2026 21:33:56
Program berjalan - 27-07-2026 21:35:00
Program berjalan - 27-07-2026 21:36:03
Program berjalan - 27-07-2026 21:57:51
Program berjalan - 27-07-2026 22:02:39
Program berjalan - 27-07-2026 22:03:55
Program berjalan - 27-07-2026 22:05:01
Program berjalan - 27-07-2026 22:06:03
Program berjalan - 27-07-2026 22:27:51
Program berjalan - 27-07-2026 22:32:40
Program berjalan - 27-07-2026 22:33:56
Program berjalan - 27-07-2026 22:35:00
Program berjalan - 27-07-2026 22:36:03
Program berjalan - 27-07-2026 22:57:51
Program berjalan - 27-07-2026 23:02:40
Program berjalan - 27-07-2026 23:04:11
Program berjalan - 27-07-2026 23:05:00
Program berjalan - 27-07-2026 23:06:03
Program berjalan - 27-07-2026 23:27:51
Program berjalan - 27-07-2026 23:32:39
Program berjalan - 27-07-2026 23:33:56
Program berjalan - 28-07-2026 00:24:44
Program berjalan - 28-07-2026 00:27:51
Program berjalan - 28-07-2026 00:30:40
Program berjalan - 28-07-2026 00:32:40
Program berjalan - 28-07-2026 00:33:56
Program berjalan - 28-07-2026 00:35:00
Program berjalan - 28-07-2026 00:36:03
Program berjalan - 28-07-2026 00:57:51
Program berjalan - 28-07-2026 01:00:41
Program berjalan - 28-07-2026 01:02:39
Program berjalan - 28-07-2026 01:03:55
Program berjalan - 28-07-2026 01:05:00
Program berjalan - 28-07-2026 01:06:03
Program berjalan - 28-07-2026 13:08:53
Program berjalan - 28-07-2026 13:27:51
Program berjalan - 28-07-2026 13:30:41
Program berjalan - 28-07-2026 13:32:40
Program berjalan - 28-07-2026 13:33:56
Program berjalan - 28-07-2026 13:35:00
Program berjalan - 28-07-2026 13:36:03
Program berjalan - 28-07-2026 13:57:52
Program berjalan - 28-07-2026 14:00:42
Program berjalan - 28-07-2026 14:02:40
Program berjalan - 28-07-2026 14:03:55
Program berjalan - 28-07-2026 14:05:00
Program berjalan - 28-07-2026 14:06:03
Program berjalan - 28-07-2026 14:27:51
Program berjalan - 28-07-2026 14:30:51
Program berjalan - 28-07-2026 14:32:41
Program berjalan - 28-07-2026 14:33:56
Program berjalan - 28-07-2026 14:35:01
Program berjalan - 28-07-2026 14:36:04
Program berjalan - 28-07-2026 14:57:51
Program berjalan - 28-07-2026 15:00:41
Program berjalan - 28-07-2026 15:02:40
Program berjalan - 28-07-2026 15:03:55
Program berjalan - 28-07-2026 15:05:01
Program berjalan - 28-07-2026 15:06:03
Program berjalan - 28-07-2026 15:27:51
Program berjalan - 28-07-2026 15:30:42
Program berjalan - 28-07-2026 15:32:40
Program berjalan - 28-07-2026 15:33:56
Program berjalan - 28-07-2026 15:35:01
Program berjalan - 28-07-2026 15:36:03
Program berjalan - 28-07-2026 15:57:51
Program berjalan - 28-07-2026 16:00:42
Program berjalan - 28-07-2026 16:12:24
Program berjalan - 28-07-2026 16:27:51
Program berjalan - 28-07-2026 16:30:41
Program berjalan - 28-07-2026 16:32:40
Program berjalan - 28-07-2026 16:33:56
Program berjalan - 28-07-2026 16:35:00
Program berjalan - 28-07-2026 16:36:03
Program berjalan - 28-07-2026 19:48:43
Program berjalan - 28-07-2026 19:57:51
Program berjalan - 28-07-2026 20:00:41
Program berjalan - 28-07-2026 20:02:40
Program berjalan - 28-07-2026 20:03:55
Program berjalan - 28-07-2026 20:05:00
Program berjalan - 28-07-2026 20:06:03
Program berjalan - 28-07-2026 20:27:51
Program berjalan - 28-07-2026 20:30:41
Program berjalan - 28-07-2026 20:32:40
Program berjalan - 28-07-2026 20:33:57
Program berjalan - 28-07-2026 20:35:01
Program berjalan - 28-07-2026 20:36:03
Program berjalan - 28-07-2026 20:57:51
Program berjalan - 28-07-2026 21:00:41
Program berjalan - 28-07-2026 21:02:40
Program berjalan - 28-07-2026 21:03:55
Program berjalan - 28-07-2026 21:05:01
Program berjalan - 28-07-2026 21:06:03
Program berjalan - 28-07-2026 21:27:51
Program berjalan - 28-07-2026 21:30:41
Program berjalan - 28-07-2026 21:32:40
Program berjalan - 28-07-2026 21:33:56
Program berjalan - 28-07-2026 21:35:01
Program berjalan - 28-07-2026 21:36:03
Program berjalan - 28-07-2026 21:57:51
Program berjalan - 28-07-2026 22:00:41
Program berjalan - 28-07-2026 22:02:40
Program berjalan - 28-07-2026 22:03:55
Program berjalan - 28-07-2026 22:05:01
Program berjalan - 28-07-2026 22:06:03
Program berjalan - 28-07-2026 22:27:51
Program berjalan - 28-07-2026 22:30:41
Program berjalan - 28-07-2026 22:32:40
Program berjalan - 28-07-2026 22:33:56
Program berjalan - 28-07-2026 22:35:00
Program berjalan - 28-07-2026 22:36:03
Program berjalan - 28-07-2026 22:57:51
Program berjalan - 28-07-2026 23:00:41
Program berjalan - 28-07-2026 23:02:40
Program berjalan - 28-07-2026 23:03:55
Program berjalan - 28-07-2026 23:05:00
Program berjalan - 28-07-2026 23:06:03
Program berjalan - 28-07-2026 23:26:54
Program berjalan - 28-07-2026 23:27:51
Program berjalan - 28-07-2026 23:30:41
Program berjalan - 28-07-2026 23:32:40
Program berjalan - 28-07-2026 23:33:56
Program berjalan - 28-07-2026 23:35:00
Program berjalan - 28-07-2026 23:36:03
Program berjalan - 28-07-2026 23:57:51
Program berjalan - 29-07-2026 00:00:41
Program berjalan - 29-07-2026 00:02:39
Program berjalan - 29-07-2026 00:03:55
Program berjalan - 30-07-2026 07:01:25
Program berjalan - 30-07-2026 07:02:40
Program berjalan - 30-07-2026 07:03:55
Program berjalan - 30-07-2026 07:05:00
Program berjalan - 30-07-2026 07:06:03
Program berjalan - 30-07-2026 07:07:14
Program berjalan - 30-07-2026 07:27:53
Program berjalan - 30-07-2026 07:30:41
Program berjalan - 30-07-2026 07:32:40
Program berjalan - 30-07-2026 07:33:56
Program berjalan - 30-07-2026 07:35:01
Program berjalan - 30-07-2026 07:36:03
Program berjalan - 30-07-2026 07:37:14
Program berjalan - 30-07-2026 07:57:53
Program berjalan - 30-07-2026 08:00:41
Program berjalan - 30-07-2026 08:02:40
Program berjalan - 30-07-2026 08:03:55
Program berjalan - 30-07-2026 08:05:04
Program berjalan - 30-07-2026 08:06:04
Program berjalan - 30-07-2026 08:07:14
Program berjalan - 30-07-2026 08:27:55
Program berjalan - 30-07-2026 08:30:41
Program berjalan - 30-07-2026 08:32:40
Program berjalan - 30-07-2026 08:33:56
Program berjalan - 30-07-2026 08:35:01
Program berjalan - 30-07-2026 08:41:49
Program berjalan - 30-07-2026 21:36:31
Program berjalan - 30-07-2026 21:37:15
Program berjalan - 30-07-2026 21:57:52
Program berjalan - 30-07-2026 22:00:41
Program berjalan - 30-07-2026 22:02:40
Program berjalan - 30-07-2026 22:03:55
Program berjalan - 30-07-2026 22:05:00
Program berjalan - 30-07-2026 22:06:03
Program berjalan - 30-07-2026 22:07:14
Program berjalan - 30-07-2026 22:27:51
Program berjalan - 30-07-2026 22:30:41
Program berjalan - 30-07-2026 22:32:40
Program berjalan - 30-07-2026 22:33:56
Program berjalan - 30-07-2026 22:35:00
Program berjalan - 30-07-2026 22:36:03
Program berjalan - 30-07-2026 22:37:14
Program berjalan - 30-07-2026 22:57:51
Program berjalan - 30-07-2026 23:00:41
Program berjalan - 30-07-2026 23:02:40
Program berjalan - 30-07-2026 23:03:55
Program berjalan - 30-07-2026 23:05:00
Program berjalan - 30-07-2026 23:06:04
Program berjalan - 30-07-2026 23:07:14
Program berjalan - 30-07-2026 23:27:51
Program berjalan - 30-07-2026 23:30:41
Program berjalan - 30-07-2026 23:32:40
Program berjalan - 30-07-2026 23:33:57
Program berjalan - 30-07-2026 23:35:01
Program berjalan - 30-07-2026 23:36:03
Program berjalan - 30-07-2026 23:37:14
Program berjalan - 30-07-2026 23:57:51
Program berjalan - 31-07-2026 00:00:42
Program berjalan - 03-08-2026 15:34:08
Program berjalan - 03-08-2026 15:35:02
Program berjalan - 03-08-2026 15:36:04
Program berjalan - 03-08-2026 15:37:15
Program berjalan - 03-08-2026 15:39:51
Program berjalan - 03-08-2026 15:57:52
Program berjalan - 08-08-2026 22:02:28
Program berjalan - 08-08-2026 22:04:02
Program berjalan - 08-08-2026 22:05:02
Program berjalan - 08-08-2026 22:06:04
Program berjalan - 08-08-2026 22:07:20
Program berjalan - 08-08-2026 22:08:14
Program berjalan - 08-08-2026 22:09:52
Program berjalan - 08-08-2026 22:27:51
Program berjalan - 08-08-2026 22:30:42
Program berjalan - 08-08-2026 22:32:40
Program berjalan - 08-08-2026 22:33:56
Program berjalan - 08-08-2026 22:35:00
Program berjalan - 08-08-2026 22:36:15
Program berjalan - 08-08-2026 22:37:17
Program berjalan - 08-08-2026 22:38:13
Program berjalan - 08-08-2026 22:39:50
Program berjalan - 08-08-2026 22:57:51
Program berjalan - 08-08-2026 23:00:41
Program berjalan - 08-08-2026 23:02:40
Program berjalan - 08-08-2026 23:03:55
Program berjalan - 08-08-2026 23:05:00
Program berjalan - 08-08-2026 23:06:04
Program berjalan - 08-08-2026 23:07:14
Program berjalan - 08-08-2026 23:08:11
Program berjalan - 08-08-2026 23:09:49
Program berjalan - 08-08-2026 23:27:51
Program berjalan - 08-08-2026 23:30:41
Program berjalan - 08-08-2026 23:32:41
Program berjalan - 08-08-2026 23:33:56
Program berjalan - 08-08-2026 23:35:01
Program berjalan - 08-08-2026 23:36:03
Program berjalan - 08-08-2026 23:37:14
Program berjalan - 08-08-2026 23:38:11
Program berjalan - 08-08-2026 23:39:49
Program berjalan - 09-08-2026 21:02:34
Program berjalan - 09-08-2026 21:03:56
Program berjalan - 09-08-2026 21:05:01
Program berjalan - 09-08-2026 21:06:04
Program berjalan - 09-08-2026 21:07:15
Program berjalan - 09-08-2026 21:08:11
Program berjalan - 09-08-2026 21:09:49
Program berjalan - 09-08-2026 21:27:52
Program berjalan - 09-08-2026 21:30:41
Program berjalan - 09-08-2026 21:32:40
Program berjalan - 09-08-2026 21:33:56
Program berjalan - 09-08-2026 21:35:01
Program berjalan - 09-08-2026 21:36:03
Program berjalan - 09-08-2026 21:37:14
Program berjalan - 09-08-2026 21:38:11
Program berjalan - 09-08-2026 21:39:49
Program berjalan - 09-08-2026 21:57:51
Program berjalan - 09-08-2026 22:00:41
Program berjalan - 09-08-2026 22:02:40
Program berjalan - 09-08-2026 22:03:55
Program berjalan - 09-08-2026 22:05:00
Program berjalan - 09-08-2026 22:06:03
Program berjalan - 09-08-2026 22:07:14
Program berjalan - 09-08-2026 22:08:11
Program berjalan - 09-08-2026 22:09:50
Program berjalan - 09-08-2026 22:27:51
Program berjalan - 09-08-2026 22:30:41
Program berjalan - 09-08-2026 22:32:40
Program berjalan - 09-08-2026 22:33:56
Program berjalan - 09-08-2026 22:35:01
Program berjalan - 09-08-2026 22:36:03
Program berjalan - 09-08-2026 22:37:14
Program berjalan - 09-08-2026 22:38:11
Program berjalan - 09-08-2026 22:39:49
Program berjalan - 09-08-2026 22:57:51
Program berjalan - 09-08-2026 23:00:41
Program berjalan - 09-08-2026 23:02:40
Program berjalan - 09-08-2026 23:03:55
Program berjalan - 09-08-2026 23:05:00
Program berjalan - 09-08-2026 23:06:03
Program berjalan - 09-08-2026 23:07:14
Program berjalan - 09-08-2026 23:08:11
Program berjalan - 09-08-2026 23:09:50
Program berjalan - 09-08-2026 23:27:51
Program berjalan - 09-08-2026 23:30:41
Program berjalan - 09-08-2026 23:32:40
Program berjalan - 09-08-2026 23:33:57
Program berjalan - 09-08-2026 23:35:01
Program berjalan - 09-08-2026 23:36:03
Program berjalan - 09-08-2026 23:37:14
Program berjalan - 09-08-2026 23:38:12
Program berjalan - 09-08-2026 23:39:49
Program berjalan - 09-08-2026 23:57:51
Program berjalan - 10-08-2026 00:00:41
Program berjalan - 10-08-2026 00:02:40
Program berjalan - 10-08-2026 00:03:55
Program berjalan - 10-08-2026 00:05:01
Program berjalan - 10-08-2026 00:06:03
Program berjalan - 10-08-2026 00:07:15
Program berjalan - 10-08-2026 00:08:11
Program berjalan - 10-08-2026 00:09:50
Program berjalan - 10-08-2026 00:27:51
Program berjalan - 10-08-2026 00:30:41
Program berjalan - 10-08-2026 00:32:40
Program berjalan - 10-08-2026 00:33:56
Program berjalan - 10-08-2026 00:35:01
Program berjalan - 10-08-2026 00:36:03
Program berjalan - 10-08-2026 00:37:14
Program berjalan - 10-08-2026 00:38:11
Program berjalan - 10-08-2026 00:39:50
